// Jest Snapshot v1, https://goo.gl/fbAQLP

exports[`Prueba en <PrimeraApp /> debe de mostrar <PrimeraApp /> correctamente 1`] = `
<Fragment>
  <h1>
    Hola, soy Jeral
  </h1>
  <p>
    Soy Jeral Pineda
  </p>
</Fragment>
`;
